.next/dev/types/validator.ts(630,31): error TS2344: Type 'typeof import("C:/Users/ayeza/Downloads/Major Project/app/api/districts/[districtId]/products/route")' does not satisfy the constraint 'RouteHandlerConfig<"/api/districts/[districtId]/products">'.
  Types of property 'GET' are incompatible.
    Type '(req: NextRequest, { params }: { params: { districtId: string; }; }) => Promise<NextResponse<{ products: (Document<unknown, {}, IProduct, {}, {}> & IProduct & Required<{ _id: ObjectId; }> & { ...; })[]; }> | NextResponse<...>>' is not assignable to type '(request: NextRequest, context: { params: Promise<{ districtId: string; }>; }) => void | Response | Promise<void | Response>'.
      Types of parameters '__1' and 'context' are incompatible.
        Type '{ params: Promise<{ districtId: string; }>; }' is not assignable to type '{ params: { districtId: string; }; }'.
          Types of property 'params' are incompatible.
            Property 'districtId' is missing in type 'Promise<{ districtId: string; }>' but required in type '{ districtId: string; }'.
.next/dev/types/validator.ts(639,31): error TS2344: Type 'typeof import("C:/Users/ayeza/Downloads/Major Project/app/api/districts/[districtId]/route")' does not satisfy the constraint 'RouteHandlerConfig<"/api/districts/[districtId]">'.
  Types of property 'GET' are incompatible.
    Type '(req: NextRequest, { params }: { params: { districtId: string; }; }) => Promise<NextResponse<{ error: string; }> | NextResponse<{ district: any; }>>' is not assignable to type '(request: NextRequest, context: { params: Promise<{ districtId: string; }>; }) => void | Response | Promise<void | Response>'.
      Types of parameters '__1' and 'context' are incompatible.
        Type '{ params: Promise<{ districtId: string; }>; }' is not assignable to type '{ params: { districtId: string; }; }'.
          Types of property 'params' are incompatible.
            Property 'districtId' is missing in type 'Promise<{ districtId: string; }>' but required in type '{ districtId: string; }'.
.next/dev/types/validator.ts(648,31): error TS2344: Type 'typeof import("C:/Users/ayeza/Downloads/Major Project/app/api/orders/[orderId]/manufacture/route")' does not satisfy the constraint 'RouteHandlerConfig<"/api/orders/[orderId]/manufacture">'.
  Types of property 'POST' are incompatible.
    Type '(request: NextRequest, { params }: { params: { orderId: string; }; }) => Promise<NextResponse<{ error: string; }> | NextResponse<{ message: string; order: Document<unknown, {}, IOrder, {}, {}> & IOrder & Required<...> & { ...; }; }>>' is not assignable to type '(request: NextRequest, context: { params: Promise<{ orderId: string; }>; }) => void | Response | Promise<void | Response>'.
      Types of parameters '__1' and 'context' are incompatible.
        Type '{ params: Promise<{ orderId: string; }>; }' is not assignable to type '{ params: { orderId: string; }; }'.
          Types of property 'params' are incompatible.
            Property 'orderId' is missing in type 'Promise<{ orderId: string; }>' but required in type '{ orderId: string; }'.
.next/dev/types/validator.ts(720,31): error TS2344: Type 'typeof import("C:/Users/ayeza/Downloads/Major Project/app/api/states/[stateId]/districts/route")' does not satisfy the constraint 'RouteHandlerConfig<"/api/states/[stateId]/districts">'.
  Types of property 'GET' are incompatible.
    Type '(req: NextRequest, { params }: { params: { stateId: string; }; }) => Promise<NextResponse<{ districts: any; }> | NextResponse<{ error: string; }>>' is not assignable to type '(request: NextRequest, context: { params: Promise<{ stateId: string; }>; }) => void | Response | Promise<void | Response>'.
      Types of parameters '__1' and 'context' are incompatible.
        Type '{ params: Promise<{ stateId: string; }>; }' is not assignable to type '{ params: { stateId: string; }; }'.
          Types of property 'params' are incompatible.
            Property 'stateId' is missing in type 'Promise<{ stateId: string; }>' but required in type '{ stateId: string; }'.
app/api/conversations/route.ts(116,13): error TS2322: Type '(FlattenMaps<IConversation> & Required<{ _id: ObjectId; }> & { __v: number; }) | null' is not assignable to type '(Document<unknown, {}, IConversation, {}, {}> & IConversation & Required<{ _id: ObjectId; }> & { __v: number; }) | null'.
  Type 'FlattenMaps<IConversation> & Required<{ _id: ObjectId; }> & { __v: number; }' is not assignable to type '(Document<unknown, {}, IConversation, {}, {}> & IConversation & Required<{ _id: ObjectId; }> & { __v: number; }) | null'.
    Type 'FlattenMaps<IConversation> & Required<{ _id: ObjectId; }> & { __v: number; }' is not assignable to type 'Document<unknown, {}, IConversation, {}, {}> & IConversation & Required<{ _id: ObjectId; }> & { __v: number; }'.
      Type 'FlattenMaps<IConversation> & Required<{ _id: ObjectId; }> & { __v: number; }' is not assignable to type 'Document<unknown, {}, IConversation, {}, {}>'.
        The types returned by '$clearModifiedPaths().toJSON(...)' are incompatible between these types.
          Type 'Omit<{ [x: string]: any; }, "__v">' is missing the following properties from type 'Omit<{ buyer: string; seller: string; product?: string | undefined; messages: { sender: string; content: string; image?: string | undefined; timestamp: Date; read: boolean; }[]; lastMessageAt: Date; ... 59 more ...; validateSync: { ...; }; }, "__v">': buyer, seller, createdAt, updatedAt, and 57 more.
app/api/conversations/route.ts(135,9): error TS2322: Type '(FlattenMaps<IConversation> & Required<{ _id: ObjectId; }> & { __v: number; }) | null' is not assignable to type '(Document<unknown, {}, IConversation, {}, {}> & IConversation & Required<{ _id: ObjectId; }> & { __v: number; }) | null'.
  Type 'FlattenMaps<IConversation> & Required<{ _id: ObjectId; }> & { __v: number; }' is not assignable to type '(Document<unknown, {}, IConversation, {}, {}> & IConversation & Required<{ _id: ObjectId; }> & { __v: number; }) | null'.
    Type 'FlattenMaps<IConversation> & Required<{ _id: ObjectId; }> & { __v: number; }' is not assignable to type 'Document<unknown, {}, IConversation, {}, {}> & IConversation & Required<{ _id: ObjectId; }> & { __v: number; }'.
      Type 'FlattenMaps<IConversation> & Required<{ _id: ObjectId; }> & { __v: number; }' is not assignable to type 'Document<unknown, {}, IConversation, {}, {}>'.
        The types returned by '$clearModifiedPaths().toJSON(...)' are incompatible between these types.
          Type 'Omit<{ [x: string]: any; }, "__v">' is missing the following properties from type 'Omit<{ buyer: string; seller: string; product?: string | undefined; messages: { sender: string; content: string; image?: string | undefined; timestamp: Date; read: boolean; }[]; lastMessageAt: Date; ... 59 more ...; validateSync: { ...; }; }, "__v">': buyer, seller, createdAt, updatedAt, and 57 more.
app/api/districts/[districtId]/route.ts(3,22): error TS2307: Cannot find module '@/models/District' or its corresponding type declarations.
app/api/orders/[orderId]/manufacture/route.ts(27,13): error TS18047: 'currentUser' is possibly 'null'.
app/api/orders/[orderId]/manufacture/route.ts(55,43): error TS18047: 'currentUser' is possibly 'null'.
app/api/orders/[orderId]/manufacture/route.ts(71,25): error TS18047: 'currentUser' is possibly 'null'.
app/api/orders/[orderId]/manufacture/route.ts(77,29): error TS18047: 'currentUser' is possibly 'null'.
app/api/orders/[orderId]/manufacture/route.ts(85,25): error TS18047: 'currentUser' is possibly 'null'.
app/api/states/[stateId]/districts/route.ts(3,22): error TS2307: Cannot find module '@/models/District' or its corresponding type declarations.
app/dashboard/admin/artisans/page.tsx(109,13): error TS2322: Type '{ label: string; }' is not assignable to type 'ReactNode | Action'.
  Property 'onClick' is missing in type '{ label: string; }' but required in type 'Action'.
app/dashboard/admin/users/[userId]/page.tsx(232,13): error TS2322: Type '{ label: string; }' is not assignable to type 'ReactNode | Action'.
  Property 'onClick' is missing in type '{ label: string; }' but required in type 'Action'.
app/dashboard/admin/users/[userId]/page.tsx(262,13): error TS2322: Type '{ label: string; }' is not assignable to type 'ReactNode | Action'.
  Property 'onClick' is missing in type '{ label: string; }' but required in type 'Action'.
app/dashboard/admin/users/[userId]/page.tsx(289,13): error TS2322: Type '{ label: string; }' is not assignable to type 'ReactNode | Action'.
  Property 'onClick' is missing in type '{ label: string; }' but required in type 'Action'.
app/dashboard/admin/users/page.tsx(89,13): error TS2322: Type '{ label: string; }' is not assignable to type 'ReactNode | Action'.
  Property 'onClick' is missing in type '{ label: string; }' but required in type 'Action'.
app/dashboard/artisan/orders/page.tsx(229,57): error TS2322: Type '{ label: string; }' is not assignable to type 'ReactNode | Action'.
  Property 'onClick' is missing in type '{ label: string; }' but required in type 'Action'.
app/dashboard/artisan/orders/page.tsx(280,53): error TS2322: Type '{ label: string; }' is not assignable to type 'ReactNode | Action'.
  Property 'onClick' is missing in type '{ label: string; }' but required in type 'Action'.
app/dashboard/artisan/products/page.tsx(161,57): error TS2322: Type '{ label: string; }' is not assignable to type 'ReactNode | Action'.
  Property 'onClick' is missing in type '{ label: string; }' but required in type 'Action'.
app/dashboard/buyer/wishlist/page.tsx(107,37): error TS2741: Property 'availabilityType' is missing in type '{ id: string; name: string; price: number; image: string; maxStock: number; }' but required in type '{ id: string; name: string; price: number; image: string; maxStock: number; availabilityType: "in_stock" | "seasonal" | "pre_order"; }'.
app/swadesibox/page.tsx(112,13): error TS2322: Type '{ label: string; }' is not assignable to type 'ReactNode | Action'.
  Property 'onClick' is missing in type '{ label: string; }' but required in type 'Action'.
components/products/AddToCartButton.tsx(49,41): error TS2345: Argument of type '{ id: string; name: string; price: number; image: string; maxStock: number; quantity: number; }' is not assignable to parameter of type 'CartItem'.
  Property 'womenDominatedUnit' is missing in type '{ id: string; name: string; price: number; image: string; maxStock: number; quantity: number; }' but required in type 'CartItem'.
models/Product.ts(220,9): error TS2353: Object literal may only specify known properties, and 'isHidden' does not exist in type '{ name?: SchemaDefinitionProperty<string, IProduct, Document<unknown, {}, FlatRecord<IProduct>, {}, ResolveSchemaOptions<DefaultSchemaOptions>> & FlatRecord<...> & Required<...> & { ...; }> | undefined; ... 33 more ...; id?: SchemaDefinitionProperty<...> | undefined; }'.
scripts/check-db-status.ts(1,23): error TS2307: Cannot find module './lib/mongodb' or its corresponding type declarations.
scripts/check-db-status.ts(2,19): error TS2307: Cannot find module './models/State' or its corresponding type declarations.
scripts/check-db-status.ts(18,24): error TS7006: Parameter 's' implicitly has an 'any' type.
scripts/debug_users.ts(1,23): error TS2307: Cannot find module './lib/mongodb' or its corresponding type declarations.
scripts/debug_users.ts(2,18): error TS2307: Cannot find module './models/User' or its corresponding type declarations.
scripts/debug_users.ts(3,21): error TS2307: Cannot find module './models/Product' or its corresponding type declarations.
scripts/debug_users.ts(4,19): error TS2307: Cannot find module './models/Order' or its corresponding type declarations.
scripts/debug_users.ts(12,22): error TS7006: Parameter 'a' implicitly has an 'any' type.
scripts/debug_users.ts(20,26): error TS7006: Parameter 'p' implicitly has an 'any' type.
scripts/debug_users.ts(28,20): error TS7006: Parameter 'b' implicitly has an 'any' type.
scripts/verify-districts-removed.ts(61,47): error TS18047: 'fetchedProduct' is possibly 'null'.
scripts/verify-districts-removed.ts(61,68): error TS2339: Property 'name' does not exist on type 'ObjectId'.
scripts/verify-districts-removed.ts(62,13): error TS18047: 'fetchedProduct' is possibly 'null'.
scripts/verify-districts-removed.ts(62,28): error TS2339: Property 'district' does not exist on type 'Document<unknown, {}, IProduct, {}, {}> & IProduct & Required<{ _id: ObjectId; }> & { __v: number; }'.
